// Jest Snapshot v1, https://goo.gl/fbAQLP

exports[`Container Test -- Snapshot capturing snapshot of container 1`] = `
<div>
  <Connect(Retail) />
</div>
`;
