// Jest Snapshot v1, https://goo.gl/fbAQLP

exports[`Retail Test -- Snapshot capturing snapshot of Retail 1`] = `
<div>
  <div
    className="container-fluid"
  >
    <div
      className="row"
    >
      <div
        className="col-md-6"
      >
        
      </div>
      <div
        className="col-md-6"
      >
        
      </div>
    </div>
  </div>
</div>
`;
